本进程源码指纹 1ba0d919b7（与盘上文件不符即说明**跑的是旧代码**，需重启）
==========================================================================
第 66 次采样  2026-10-04 01:48:59
--- A 机（base100@0, strat100@1）---
    · 队列 2 ｜ 训练 90 ｜ 已建 22/40 ｜ 已完成 20/40 ｜ 日志OOM 0 ｜ 盘余 49 GB
--------------------------------------------------------------------------
本轮无异常、无空转。
本进程源码指纹 1ba0d919b7（与盘上文件不符即说明**跑的是旧代码**，需重启）
==========================================================================
第 67 次采样  2026-10-04 01:59:01
--- A 机（base100@0, strat100@1）---
    · 队列 2 ｜ 训练 90 ｜ 已建 23/40 ｜ 已完成 21/40 ｜ 日志OOM 0 ｜ 盘余 49 GB
--------------------------------------------------------------------------
本轮无异常、无空转。
本进程源码指纹 1ba0d919b7（与盘上文件不符即说明**跑的是旧代码**，需重启）
==========================================================================
第 68 次采样  2026-10-04 02:09:03
--- A 机（base100@0, strat100@1）---
    · 队列 2 ｜ 训练 90 ｜ 已建 23/40 ｜ 已完成 21/40 ｜ 日志OOM 0 ｜ 盘余 49 GB
--------------------------------------------------------------------------
本轮无异常、无空转。
本进程源码指纹 1ba0d919b7（与盘上文件不符即说明**跑的是旧代码**，需重启）
==========================================================================
第 69 次采样  2026-10-04 02:19:05
Exception (client): Error reading SSH protocol banner
Traceback (most recent call last):
  File "C:\Users\ASUS\AppData\Local\Programs\Python\Python311\Lib\site-packages\paramiko\transport.py", line 2213, in _check_banner
    buf = self.packetizer.readline(timeout)
          ^^^^^^^^^^^^^^^^^^^^^^^^^^^^^^^^^
  File "C:\Users\ASUS\AppData\Local\Programs\Python\Python311\Lib\site-packages\paramiko\packet.py", line 395, in readline
    buf += self._read_timeout(timeout)
           ^^^^^^^^^^^^^^^^^^^^^^^^^^^
  File "C:\Users\ASUS\AppData\Local\Programs\Python\Python311\Lib\site-packages\paramiko\packet.py", line 665, in _read_timeout
    raise EOFError()
EOFError

During handling of the above exception, another exception occurred:

Traceback (most recent call last):
  File "C:\Users\ASUS\AppData\Local\Programs\Python\Python311\Lib\site-packages\paramiko\transport.py", line 2029, in run
    self._check_banner()
  File "C:\Users\ASUS\AppData\Local\Programs\Python\Python311\Lib\site-packages\paramiko\transport.py", line 2217, in _check_banner
    raise SSHException(
paramiko.ssh_exception.SSHException: Error reading SSH protocol banner

Exception (client): Error reading SSH protocol banner
Traceback (most recent call last):
  File "C:\Users\ASUS\AppData\Local\Programs\Python\Python311\Lib\site-packages\paramiko\transport.py", line 2213, in _check_banner
    buf = self.packetizer.readline(timeout)
          ^^^^^^^^^^^^^^^^^^^^^^^^^^^^^^^^^
  File "C:\Users\ASUS\AppData\Local\Programs\Python\Python311\Lib\site-packages\paramiko\packet.py", line 395, in readline
    buf += self._read_timeout(timeout)
           ^^^^^^^^^^^^^^^^^^^^^^^^^^^
  File "C:\Users\ASUS\AppData\Local\Programs\Python\Python311\Lib\site-packages\paramiko\packet.py", line 665, in _read_timeout
    raise EOFError()
EOFError

During handling of the above exception, another exception occurred:

Traceback (most recent call last):
  File "C:\Users\ASUS\AppData\Local\Programs\Python\Python311\Lib\site-packages\paramiko\transport.py", line 2029, in run
    self._check_banner()
  File "C:\Users\ASUS\AppData\Local\Programs\Python\Python311\Lib\site-packages\paramiko\transport.py", line 2217, in _check_banner
    raise SSHException(
paramiko.ssh_exception.SSHException: Error reading SSH protocol banner

--- A 机（base100@0, strat100@1）---
    · 队列 2 ｜ 训练 90 ｜ 已建 23/40 ｜ 已完成 21/40 ｜ 日志OOM 0 ｜ 盘余 49 GB
--------------------------------------------------------------------------
本轮无异常、无空转。
本进程源码指纹 1ba0d919b7（与盘上文件不符即说明**跑的是旧代码**，需重启）
==========================================================================
第 70 次采样  2026-10-04 02:29:53
--- A 机（base100@0, strat100@1）---
    · 队列 2 ｜ 训练 90 ｜ 已建 23/40 ｜ 已完成 21/40 ｜ 日志OOM 0 ｜ 盘余 49 GB
--------------------------------------------------------------------------
本轮无异常、无空转。
本进程源码指纹 1ba0d919b7（与盘上文件不符即说明**跑的是旧代码**，需重启）
==========================================================================
第 71 次采样  2026-10-04 02:40:03
Exception (client): Error reading SSH protocol banner
Traceback (most recent call last):
  File "C:\Users\ASUS\AppData\Local\Programs\Python\Python311\Lib\site-packages\paramiko\transport.py", line 2213, in _check_banner
    buf = self.packetizer.readline(timeout)
          ^^^^^^^^^^^^^^^^^^^^^^^^^^^^^^^^^
  File "C:\Users\ASUS\AppData\Local\Programs\Python\Python311\Lib\site-packages\paramiko\packet.py", line 395, in readline
    buf += self._read_timeout(timeout)
           ^^^^^^^^^^^^^^^^^^^^^^^^^^^
  File "C:\Users\ASUS\AppData\Local\Programs\Python\Python311\Lib\site-packages\paramiko\packet.py", line 665, in _read_timeout
    raise EOFError()
EOFError

During handling of the above exception, another exception occurred:

Traceback (most recent call last):
  File "C:\Users\ASUS\AppData\Local\Programs\Python\Python311\Lib\site-packages\paramiko\transport.py", line 2029, in run
    self._check_banner()
  File "C:\Users\ASUS\AppData\Local\Programs\Python\Python311\Lib\site-packages\paramiko\transport.py", line 2217, in _check_banner
    raise SSHException(
paramiko.ssh_exception.SSHException: Error reading SSH protocol banner

--- A 机（base100@0, strat100@1）---
    · 队列 2 ｜ 训练 90 ｜ 已建 23/40 ｜ 已完成 21/40 ｜ 日志OOM 0 ｜ 盘余 48 GB
--------------------------------------------------------------------------
本轮无异常、无空转。
本进程源码指纹 1ba0d919b7（与盘上文件不符即说明**跑的是旧代码**，需重启）
==========================================================================
第 72 次采样  2026-10-04 02:51:00
--- A 机（base100@0, strat100@1）---
    · 队列 2 ｜ 训练 90 ｜ 已建 24/40 ｜ 已完成 22/40 ｜ 日志OOM 0 ｜ 盘余 48 GB
--------------------------------------------------------------------------
本轮无异常、无空转。
本进程源码指纹 1ba0d919b7（与盘上文件不符即说明**跑的是旧代码**，需重启）
==========================================================================
第 73 次采样  2026-10-04 03:01:02
--- A 机（base100@0, strat100@1）---
    · 队列 2 ｜ 训练 90 ｜ 已建 24/40 ｜ 已完成 22/40 ｜ 日志OOM 0 ｜ 盘余 48 GB
--------------------------------------------------------------------------
本轮无异常、无空转。
本进程源码指纹 1ba0d919b7（与盘上文件不符即说明**跑的是旧代码**，需重启）
==========================================================================
第 74 次采样  2026-10-04 03:11:04
Exception (client): Error reading SSH protocol banner
Traceback (most recent call last):
  File "C:\Users\ASUS\AppData\Local\Programs\Python\Python311\Lib\site-packages\paramiko\transport.py", line 2213, in _check_banner
    buf = self.packetizer.readline(timeout)
          ^^^^^^^^^^^^^^^^^^^^^^^^^^^^^^^^^
  File "C:\Users\ASUS\AppData\Local\Programs\Python\Python311\Lib\site-packages\paramiko\packet.py", line 395, in readline
    buf += self._read_timeout(timeout)
           ^^^^^^^^^^^^^^^^^^^^^^^^^^^
  File "C:\Users\ASUS\AppData\Local\Programs\Python\Python311\Lib\site-packages\paramiko\packet.py", line 665, in _read_timeout
    raise EOFError()
EOFError

During handling of the above exception, another exception occurred:

Traceback (most recent call last):
  File "C:\Users\ASUS\AppData\Local\Programs\Python\Python311\Lib\site-packages\paramiko\transport.py", line 2029, in run
    self._check_banner()
  File "C:\Users\ASUS\AppData\Local\Programs\Python\Python311\Lib\site-packages\paramiko\transport.py", line 2217, in _check_banner
    raise SSHException(
paramiko.ssh_exception.SSHException: Error reading SSH protocol banner

Exception (client): Error reading SSH protocol banner
Traceback (most recent call last):
  File "C:\Users\ASUS\AppData\Local\Programs\Python\Python311\Lib\site-packages\paramiko\transport.py", line 2213, in _check_banner
    buf = self.packetizer.readline(timeout)
          ^^^^^^^^^^^^^^^^^^^^^^^^^^^^^^^^^
  File "C:\Users\ASUS\AppData\Local\Programs\Python\Python311\Lib\site-packages\paramiko\packet.py", line 395, in readline
    buf += self._read_timeout(timeout)
           ^^^^^^^^^^^^^^^^^^^^^^^^^^^
  File "C:\Users\ASUS\AppData\Local\Programs\Python\Python311\Lib\site-packages\paramiko\packet.py", line 665, in _read_timeout
    raise EOFError()
EOFError

During handling of the above exception, another exception occurred:

Traceback (most recent call last):
  File "C:\Users\ASUS\AppData\Local\Programs\Python\Python311\Lib\site-packages\paramiko\transport.py", line 2029, in run
    self._check_banner()
  File "C:\Users\ASUS\AppData\Local\Programs\Python\Python311\Lib\site-packages\paramiko\transport.py", line 2217, in _check_banner
    raise SSHException(
paramiko.ssh_exception.SSHException: Error reading SSH protocol banner

Exception (client): Error reading SSH protocol banner
Traceback (most recent call last):
  File "C:\Users\ASUS\AppData\Local\Programs\Python\Python311\Lib\site-packages\paramiko\transport.py", line 2213, in _check_banner
    buf = self.packetizer.readline(timeout)
          ^^^^^^^^^^^^^^^^^^^^^^^^^^^^^^^^^
  File "C:\Users\ASUS\AppData\Local\Programs\Python\Python311\Lib\site-packages\paramiko\packet.py", line 395, in readline
    buf += self._read_timeout(timeout)
           ^^^^^^^^^^^^^^^^^^^^^^^^^^^
  File "C:\Users\ASUS\AppData\Local\Programs\Python\Python311\Lib\site-packages\paramiko\packet.py", line 665, in _read_timeout
    raise EOFError()
EOFError

During handling of the above exception, another exception occurred:

Traceback (most recent call last):
  File "C:\Users\ASUS\AppData\Local\Programs\Python\Python311\Lib\site-packages\paramiko\transport.py", line 2029, in run
    self._check_banner()
  File "C:\Users\ASUS\AppData\Local\Programs\Python\Python311\Lib\site-packages\paramiko\transport.py", line 2217, in _check_banner
    raise SSHException(
paramiko.ssh_exception.SSHException: Error reading SSH protocol banner

--- A 机（base100@0, strat100@1）---
    · 队列 2 ｜ 训练 90 ｜ 已建 24/40 ｜ 已完成 22/40 ｜ 日志OOM 0 ｜ 盘余 48 GB
--------------------------------------------------------------------------
本轮无异常、无空转。
本进程源码指纹 1ba0d919b7（与盘上文件不符即说明**跑的是旧代码**，需重启）
==========================================================================
第 75 次采样  2026-10-04 03:22:00
Exception (client): Error reading SSH protocol banner
Traceback (most recent call last):
  File "C:\Users\ASUS\AppData\Local\Programs\Python\Python311\Lib\site-packages\paramiko\transport.py", line 2213, in _check_banner
    buf = self.packetizer.readline(timeout)
          ^^^^^^^^^^^^^^^^^^^^^^^^^^^^^^^^^
  File "C:\Users\ASUS\AppData\Local\Programs\Python\Python311\Lib\site-packages\paramiko\packet.py", line 395, in readline
    buf += self._read_timeout(timeout)
           ^^^^^^^^^^^^^^^^^^^^^^^^^^^
  File "C:\Users\ASUS\AppData\Local\Programs\Python\Python311\Lib\site-packages\paramiko\packet.py", line 665, in _read_timeout
    raise EOFError()
EOFError

During handling of the above exception, another exception occurred:

Traceback (most recent call last):
  File "C:\Users\ASUS\AppData\Local\Programs\Python\Python311\Lib\site-packages\paramiko\transport.py", line 2029, in run
    self._check_banner()
  File "C:\Users\ASUS\AppData\Local\Programs\Python\Python311\Lib\site-packages\paramiko\transport.py", line 2217, in _check_banner
    raise SSHException(
paramiko.ssh_exception.SSHException: Error reading SSH protocol banner

Exception (client): Error reading SSH protocol banner
Traceback (most recent call last):
  File "C:\Users\ASUS\AppData\Local\Programs\Python\Python311\Lib\site-packages\paramiko\transport.py", line 2213, in _check_banner
    buf = self.packetizer.readline(timeout)
          ^^^^^^^^^^^^^^^^^^^^^^^^^^^^^^^^^
  File "C:\Users\ASUS\AppData\Local\Programs\Python\Python311\Lib\site-packages\paramiko\packet.py", line 395, in readline
    buf += self._read_timeout(timeout)
           ^^^^^^^^^^^^^^^^^^^^^^^^^^^
  File "C:\Users\ASUS\AppData\Local\Programs\Python\Python311\Lib\site-packages\paramiko\packet.py", line 665, in _read_timeout
    raise EOFError()
EOFError

During handling of the above exception, another exception occurred:

Traceback (most recent call last):
  File "C:\Users\ASUS\AppData\Local\Programs\Python\Python311\Lib\site-packages\paramiko\transport.py", line 2029, in run
    self._check_banner()
  File "C:\Users\ASUS\AppData\Local\Programs\Python\Python311\Lib\site-packages\paramiko\transport.py", line 2217, in _check_banner
    raise SSHException(
paramiko.ssh_exception.SSHException: Error reading SSH protocol banner

--- A 机（base100@0, strat100@1）---
    · 队列 2 ｜ 训练 90 ｜ 已建 25/40 ｜ 已完成 23/40 ｜ 日志OOM 0 ｜ 盘余 48 GB
--------------------------------------------------------------------------
本轮无异常、无空转。
本进程源码指纹 1ba0d919b7（与盘上文件不符即说明**跑的是旧代码**，需重启）
==========================================================================
第 76 次采样  2026-10-04 03:32:33
--- A 机（base100@0, strat100@1）---
    · 队列 2 ｜ 训练 90 ｜ 已建 25/40 ｜ 已完成 23/40 ｜ 日志OOM 0 ｜ 盘余 48 GB
--------------------------------------------------------------------------
本轮无异常、无空转。
本进程源码指纹 1ba0d919b7（与盘上文件不符即说明**跑的是旧代码**，需重启）
==========================================================================
第 77 次采样  2026-10-04 03:42:35
--- A 机（base100@0, strat100@1）---
    · 队列 2 ｜ 训练 90 ｜ 已建 25/40 ｜ 已完成 23/40 ｜ 日志OOM 0 ｜ 盘余 48 GB
--------------------------------------------------------------------------
本轮无异常、无空转。
本进程源码指纹 1ba0d919b7（与盘上文件不符即说明**跑的是旧代码**，需重启）
==========================================================================
第 78 次采样  2026-10-04 03:52:37
Exception (client): Error reading SSH protocol banner
Traceback (most recent call last):
  File "C:\Users\ASUS\AppData\Local\Programs\Python\Python311\Lib\site-packages\paramiko\transport.py", line 2213, in _check_banner
    buf = self.packetizer.readline(timeout)
          ^^^^^^^^^^^^^^^^^^^^^^^^^^^^^^^^^
  File "C:\Users\ASUS\AppData\Local\Programs\Python\Python311\Lib\site-packages\paramiko\packet.py", line 395, in readline
    buf += self._read_timeout(timeout)
           ^^^^^^^^^^^^^^^^^^^^^^^^^^^
  File "C:\Users\ASUS\AppData\Local\Programs\Python\Python311\Lib\site-packages\paramiko\packet.py", line 665, in _read_timeout
    raise EOFError()
EOFError

During handling of the above exception, another exception occurred:

Traceback (most recent call last):
  File "C:\Users\ASUS\AppData\Local\Programs\Python\Python311\Lib\site-packages\paramiko\transport.py", line 2029, in run
    self._check_banner()
  File "C:\Users\ASUS\AppData\Local\Programs\Python\Python311\Lib\site-packages\paramiko\transport.py", line 2217, in _check_banner
    raise SSHException(
paramiko.ssh_exception.SSHException: Error reading SSH protocol banner

--- A 机（base100@0, strat100@1）---
    · 队列 2 ｜ 训练 90 ｜ 已建 25/40 ｜ 已完成 23/40 ｜ 日志OOM 0 ｜ 盘余 48 GB
--------------------------------------------------------------------------
本轮无异常、无空转。
本进程源码指纹 1ba0d919b7（与盘上文件不符即说明**跑的是旧代码**，需重启）
==========================================================================
第 79 次采样  2026-10-04 04:02:55
--- A 机（base100@0, strat100@1）---
    · 队列 2 ｜ 训练 90 ｜ 已建 26/40 ｜ 已完成 24/40 ｜ 日志OOM 0 ｜ 盘余 48 GB
--------------------------------------------------------------------------
本轮无异常、无空转。
本进程源码指纹 1ba0d919b7（与盘上文件不符即说明**跑的是旧代码**，需重启）
==========================================================================
第 80 次采样  2026-10-04 04:12:57
--- A 机（base100@0, strat100@1）---
    · 队列 2 ｜ 训练 90 ｜ 已建 26/40 ｜ 已完成 24/40 ｜ 日志OOM 0 ｜ 盘余 48 GB
--------------------------------------------------------------------------
本轮无异常、无空转。
本进程源码指纹 1ba0d919b7（与盘上文件不符即说明**跑的是旧代码**，需重启）
==========================================================================
第 81 次采样  2026-10-04 04:22:59
--- A 机（base100@0, strat100@1）---
    · 队列 2 ｜ 训练 90 ｜ 已建 26/40 ｜ 已完成 24/40 ｜ 日志OOM 0 ｜ 盘余 48 GB
--------------------------------------------------------------------------
本轮无异常、无空转。
本进程源码指纹 1ba0d919b7（与盘上文件不符即说明**跑的是旧代码**，需重启）
==========================================================================
第 82 次采样  2026-10-04 04:33:02
--- A 机（base100@0, strat100@1）---
    · 队列 2 ｜ 训练 90 ｜ 已建 26/40 ｜ 已完成 24/40 ｜ 日志OOM 0 ｜ 盘余 48 GB
--------------------------------------------------------------------------
本轮无异常、无空转。
本进程源码指纹 1ba0d919b7（与盘上文件不符即说明**跑的是旧代码**，需重启）
==========================================================================
第 83 次采样  2026-10-04 04:43:04
--- A 机（base100@0, strat100@1）---
    · 队列 2 ｜ 训练 90 ｜ 已建 27/40 ｜ 已完成 25/40 ｜ 日志OOM 0 ｜ 盘余 48 GB
--------------------------------------------------------------------------
本轮无异常、无空转。
本进程源码指纹 1ba0d919b7（与盘上文件不符即说明**跑的是旧代码**，需重启）
==========================================================================
第 84 次采样  2026-10-04 04:53:06
--- A 机（base100@0, strat100@1）---
    · 队列 2 ｜ 训练 90 ｜ 已建 27/40 ｜ 已完成 25/40 ｜ 日志OOM 0 ｜ 盘余 48 GB
--------------------------------------------------------------------------
本轮无异常、无空转。
本进程源码指纹 1ba0d919b7（与盘上文件不符即说明**跑的是旧代码**，需重启）
==========================================================================
第 85 次采样  2026-10-04 05:03:08
--- A 机（base100@0, strat100@1）---
    · 队列 2 ｜ 训练 90 ｜ 已建 27/40 ｜ 已完成 25/40 ｜ 日志OOM 0 ｜ 盘余 48 GB
--------------------------------------------------------------------------
本轮无异常、无空转。
本进程源码指纹 1ba0d919b7（与盘上文件不符即说明**跑的是旧代码**，需重启）
==========================================================================
第 86 次采样  2026-10-04 05:13:10
--- A 机（base100@0, strat100@1）---
    · 队列 2 ｜ 训练 90 ｜ 已建 27/40 ｜ 已完成 25/40 ｜ 日志OOM 0 ｜ 盘余 48 GB
--------------------------------------------------------------------------
本轮无异常、无空转。
本进程源码指纹 1ba0d919b7（与盘上文件不符即说明**跑的是旧代码**，需重启）
==========================================================================
第 87 次采样  2026-10-04 05:23:13
--- A 机（base100@0, strat100@1）---
    · 队列 2 ｜ 训练 90 ｜ 已建 28/40 ｜ 已完成 26/40 ｜ 日志OOM 0 ｜ 盘余 48 GB
--------------------------------------------------------------------------
本轮无异常、无空转。
本进程源码指纹 1ba0d919b7（与盘上文件不符即说明**跑的是旧代码**，需重启）
==========================================================================
第 88 次采样  2026-10-04 05:33:15
Exception (client): Error reading SSH protocol banner
Traceback (most recent call last):
  File "C:\Users\ASUS\AppData\Local\Programs\Python\Python311\Lib\site-packages\paramiko\transport.py", line 2213, in _check_banner
    buf = self.packetizer.readline(timeout)
          ^^^^^^^^^^^^^^^^^^^^^^^^^^^^^^^^^
  File "C:\Users\ASUS\AppData\Local\Programs\Python\Python311\Lib\site-packages\paramiko\packet.py", line 395, in readline
    buf += self._read_timeout(timeout)
           ^^^^^^^^^^^^^^^^^^^^^^^^^^^
  File "C:\Users\ASUS\AppData\Local\Programs\Python\Python311\Lib\site-packages\paramiko\packet.py", line 665, in _read_timeout
    raise EOFError()
EOFError

During handling of the above exception, another exception occurred:

Traceback (most recent call last):
  File "C:\Users\ASUS\AppData\Local\Programs\Python\Python311\Lib\site-packages\paramiko\transport.py", line 2029, in run
    self._check_banner()
  File "C:\Users\ASUS\AppData\Local\Programs\Python\Python311\Lib\site-packages\paramiko\transport.py", line 2217, in _check_banner
    raise SSHException(
paramiko.ssh_exception.SSHException: Error reading SSH protocol banner

--- A 机（base100@0, strat100@1）---
    · 队列 2 ｜ 训练 90 ｜ 已建 28/40 ｜ 已完成 26/40 ｜ 日志OOM 0 ｜ 盘余 48 GB
--------------------------------------------------------------------------
本轮无异常、无空转。
本进程源码指纹 1ba0d919b7（与盘上文件不符即说明**跑的是旧代码**，需重启）
==========================================================================
第 89 次采样  2026-10-04 05:43:33
--- A 机（base100@0, strat100@1）---
    · 队列 2 ｜ 训练 90 ｜ 已建 28/40 ｜ 已完成 26/40 ｜ 日志OOM 0 ｜ 盘余 47 GB
--------------------------------------------------------------------------
本轮无异常、无空转。
本进程源码指纹 1ba0d919b7（与盘上文件不符即说明**跑的是旧代码**，需重启）
==========================================================================
第 90 次采样  2026-10-04 05:53:36
Exception (client): Error reading SSH protocol banner
Traceback (most recent call last):
  File "C:\Users\ASUS\AppData\Local\Programs\Python\Python311\Lib\site-packages\paramiko\transport.py", line 2213, in _check_banner
    buf = self.packetizer.readline(timeout)
          ^^^^^^^^^^^^^^^^^^^^^^^^^^^^^^^^^
  File "C:\Users\ASUS\AppData\Local\Programs\Python\Python311\Lib\site-packages\paramiko\packet.py", line 395, in readline
    buf += self._read_timeout(timeout)
           ^^^^^^^^^^^^^^^^^^^^^^^^^^^
  File "C:\Users\ASUS\AppData\Local\Programs\Python\Python311\Lib\site-packages\paramiko\packet.py", line 665, in _read_timeout
    raise EOFError()
EOFError

During handling of the above exception, another exception occurred:

Traceback (most recent call last):
  File "C:\Users\ASUS\AppData\Local\Programs\Python\Python311\Lib\site-packages\paramiko\transport.py", line 2029, in run
    self._check_banner()
  File "C:\Users\ASUS\AppData\Local\Programs\Python\Python311\Lib\site-packages\paramiko\transport.py", line 2217, in _check_banner
    raise SSHException(
paramiko.ssh_exception.SSHException: Error reading SSH protocol banner

Exception (client): Error reading SSH protocol banner
Traceback (most recent call last):
  File "C:\Users\ASUS\AppData\Local\Programs\Python\Python311\Lib\site-packages\paramiko\transport.py", line 2213, in _check_banner
    buf = self.packetizer.readline(timeout)
          ^^^^^^^^^^^^^^^^^^^^^^^^^^^^^^^^^
  File "C:\Users\ASUS\AppData\Local\Programs\Python\Python311\Lib\site-packages\paramiko\packet.py", line 395, in readline
    buf += self._read_timeout(timeout)
           ^^^^^^^^^^^^^^^^^^^^^^^^^^^
  File "C:\Users\ASUS\AppData\Local\Programs\Python\Python311\Lib\site-packages\paramiko\packet.py", line 665, in _read_timeout
    raise EOFError()
EOFError

During handling of the above exception, another exception occurred:

Traceback (most recent call last):
  File "C:\Users\ASUS\AppData\Local\Programs\Python\Python311\Lib\site-packages\paramiko\transport.py", line 2029, in run
    self._check_banner()
  File "C:\Users\ASUS\AppData\Local\Programs\Python\Python311\Lib\site-packages\paramiko\transport.py", line 2217, in _check_banner
    raise SSHException(
paramiko.ssh_exception.SSHException: Error reading SSH protocol banner

--- A 机（base100@0, strat100@1）---
    · 队列 2 ｜ 训练 90 ｜ 已建 28/40 ｜ 已完成 26/40 ｜ 日志OOM 0 ｜ 盘余 47 GB
--------------------------------------------------------------------------
本轮无异常、无空转。
本进程源码指纹 1ba0d919b7（与盘上文件不符即说明**跑的是旧代码**，需重启）
==========================================================================
第 91 次采样  2026-10-04 06:04:12
--- A 机（base100@0, strat100@1）---
    · 队列 2 ｜ 训练 90 ｜ 已建 29/40 ｜ 已完成 27/40 ｜ 日志OOM 0 ｜ 盘余 47 GB
--------------------------------------------------------------------------
本轮无异常、无空转。
本进程源码指纹 1ba0d919b7（与盘上文件不符即说明**跑的是旧代码**，需重启）
==========================================================================
第 92 次采样  2026-10-04 06:14:21
--- A 机（base100@0, strat100@1）---
    · 队列 2 ｜ 训练 90 ｜ 已建 29/40 ｜ 已完成 27/40 ｜ 日志OOM 0 ｜ 盘余 47 GB
--------------------------------------------------------------------------
本轮无异常、无空转。
本进程源码指纹 1ba0d919b7（与盘上文件不符即说明**跑的是旧代码**，需重启）
==========================================================================
第 93 次采样  2026-10-04 06:24:24
--- A 机（base100@0, strat100@1）---
    · 队列 2 ｜ 训练 90 ｜ 已建 29/40 ｜ 已完成 27/40 ｜ 日志OOM 0 ｜ 盘余 47 GB
--------------------------------------------------------------------------
本轮无异常、无空转。
本进程源码指纹 1ba0d919b7（与盘上文件不符即说明**跑的是旧代码**，需重启）
==========================================================================
第 94 次采样  2026-10-04 06:34:27
--- A 机（base100@0, strat100@1）---
    · 队列 2 ｜ 训练 90 ｜ 已建 29/40 ｜ 已完成 27/40 ｜ 日志OOM 0 ｜ 盘余 47 GB
--------------------------------------------------------------------------
本轮无异常、无空转。
本进程源码指纹 1ba0d919b7（与盘上文件不符即说明**跑的是旧代码**，需重启）
==========================================================================
第 95 次采样  2026-10-04 06:44:29
--- A 机（base100@0, strat100@1）---
    · 队列 2 ｜ 训练 90 ｜ 已建 30/40 ｜ 已完成 28/40 ｜ 日志OOM 0 ｜ 盘余 47 GB
--------------------------------------------------------------------------
本轮无异常、无空转。
本进程源码指纹 1ba0d919b7（与盘上文件不符即说明**跑的是旧代码**，需重启）
==========================================================================
第 96 次采样  2026-10-04 06:54:32
--- A 机（base100@0, strat100@1）---
    · 队列 2 ｜ 训练 90 ｜ 已建 30/40 ｜ 已完成 28/40 ｜ 日志OOM 0 ｜ 盘余 47 GB
--------------------------------------------------------------------------
本轮无异常、无空转。
本进程源码指纹 1ba0d919b7（与盘上文件不符即说明**跑的是旧代码**，需重启）
==========================================================================
第 97 次采样  2026-10-04 07:04:34
Exception (client): Error reading SSH protocol banner
Traceback (most recent call last):
  File "C:\Users\ASUS\AppData\Local\Programs\Python\Python311\Lib\site-packages\paramiko\transport.py", line 2213, in _check_banner
    buf = self.packetizer.readline(timeout)
          ^^^^^^^^^^^^^^^^^^^^^^^^^^^^^^^^^
  File "C:\Users\ASUS\AppData\Local\Programs\Python\Python311\Lib\site-packages\paramiko\packet.py", line 395, in readline
    buf += self._read_timeout(timeout)
           ^^^^^^^^^^^^^^^^^^^^^^^^^^^
  File "C:\Users\ASUS\AppData\Local\Programs\Python\Python311\Lib\site-packages\paramiko\packet.py", line 665, in _read_timeout
    raise EOFError()
EOFError

During handling of the above exception, another exception occurred:

Traceback (most recent call last):
  File "C:\Users\ASUS\AppData\Local\Programs\Python\Python311\Lib\site-packages\paramiko\transport.py", line 2029, in run
    self._check_banner()
  File "C:\Users\ASUS\AppData\Local\Programs\Python\Python311\Lib\site-packages\paramiko\transport.py", line 2217, in _check_banner
    raise SSHException(
paramiko.ssh_exception.SSHException: Error reading SSH protocol banner

--- A 机（base100@0, strat100@1）---
    · 队列 2 ｜ 训练 90 ｜ 已建 30/40 ｜ 已完成 28/40 ｜ 日志OOM 0 ｜ 盘余 47 GB
--------------------------------------------------------------------------
本轮无异常、无空转。
本进程源码指纹 1ba0d919b7（与盘上文件不符即说明**跑的是旧代码**，需重启）
==========================================================================
第 98 次采样  2026-10-04 07:14:51
Exception (client): Error reading SSH protocol banner
Traceback (most recent call last):
  File "C:\Users\ASUS\AppData\Local\Programs\Python\Python311\Lib\site-packages\paramiko\transport.py", line 2213, in _check_banner
    buf = self.packetizer.readline(timeout)
          ^^^^^^^^^^^^^^^^^^^^^^^^^^^^^^^^^
  File "C:\Users\ASUS\AppData\Local\Programs\Python\Python311\Lib\site-packages\paramiko\packet.py", line 395, in readline
    buf += self._read_timeout(timeout)
           ^^^^^^^^^^^^^^^^^^^^^^^^^^^
  File "C:\Users\ASUS\AppData\Local\Programs\Python\Python311\Lib\site-packages\paramiko\packet.py", line 665, in _read_timeout
    raise EOFError()
EOFError

During handling of the above exception, another exception occurred:

Traceback (most recent call last):
  File "C:\Users\ASUS\AppData\Local\Programs\Python\Python311\Lib\site-packages\paramiko\transport.py", line 2029, in run
    self._check_banner()
  File "C:\Users\ASUS\AppData\Local\Programs\Python\Python311\Lib\site-packages\paramiko\transport.py", line 2217, in _check_banner
    raise SSHException(
paramiko.ssh_exception.SSHException: Error reading SSH protocol banner

--- A 机（base100@0, strat100@1）---
    · 队列 2 ｜ 训练 90 ｜ 已建 30/40 ｜ 已完成 28/40 ｜ 日志OOM 0 ｜ 盘余 47 GB
--------------------------------------------------------------------------
本轮无异常、无空转。
本进程源码指纹 1ba0d919b7（与盘上文件不符即说明**跑的是旧代码**，需重启）
==========================================================================
第 99 次采样  2026-10-04 07:25:09
--- A 机（base100@0, strat100@1）---
    · 队列 2 ｜ 训练 90 ｜ 已建 31/40 ｜ 已完成 29/40 ｜ 日志OOM 0 ｜ 盘余 47 GB
--------------------------------------------------------------------------
本轮无异常、无空转。
本进程源码指纹 1ba0d919b7（与盘上文件不符即说明**跑的是旧代码**，需重启）
==========================================================================
第 100 次采样  2026-10-04 07:35:11
--- A 机（base100@0, strat100@1）---
    · 队列 2 ｜ 训练 90 ｜ 已建 31/40 ｜ 已完成 29/40 ｜ 日志OOM 0 ｜ 盘余 47 GB
--------------------------------------------------------------------------
本轮无异常、无空转。
本进程源码指纹 1ba0d919b7（与盘上文件不符即说明**跑的是旧代码**，需重启）
==========================================================================
第 101 次采样  2026-10-04 07:45:13
--- A 机（base100@0, strat100@1）---
    · 队列 2 ｜ 训练 90 ｜ 已建 31/40 ｜ 已完成 29/40 ｜ 日志OOM 0 ｜ 盘余 47 GB
--------------------------------------------------------------------------
本轮无异常、无空转。
本进程源码指纹 1ba0d919b7（与盘上文件不符即说明**跑的是旧代码**，需重启）
==========================================================================
第 102 次采样  2026-10-04 07:55:16
--- A 机（base100@0, strat100@1）---
    · 队列 2 ｜ 训练 90 ｜ 已建 31/40 ｜ 已完成 29/40 ｜ 日志OOM 0 ｜ 盘余 47 GB
--------------------------------------------------------------------------
本轮无异常、无空转。
本进程源码指纹 1ba0d919b7（与盘上文件不符即说明**跑的是旧代码**，需重启）
==========================================================================
第 103 次采样  2026-10-04 08:05:18
--- A 机（base100@0, strat100@1）---
    · 队列 2 ｜ 训练 90 ｜ 已建 32/40 ｜ 已完成 30/40 ｜ 日志OOM 0 ｜ 盘余 47 GB
--------------------------------------------------------------------------
本轮无异常、无空转。
本进程源码指纹 1ba0d919b7（与盘上文件不符即说明**跑的是旧代码**，需重启）
==========================================================================
第 104 次采样  2026-10-04 08:15:20
--- A 机（base100@0, strat100@1）---
    · 队列 2 ｜ 训练 90 ｜ 已建 32/40 ｜ 已完成 30/40 ｜ 日志OOM 0 ｜ 盘余 47 GB
--------------------------------------------------------------------------
本轮无异常、无空转。
本进程源码指纹 1ba0d919b7（与盘上文件不符即说明**跑的是旧代码**，需重启）
==========================================================================
第 105 次采样  2026-10-04 08:25:22
--- A 机（base100@0, strat100@1）---
    · 队列 2 ｜ 训练 90 ｜ 已建 32/40 ｜ 已完成 30/40 ｜ 日志OOM 0 ｜ 盘余 47 GB
--------------------------------------------------------------------------
本轮无异常、无空转。
本进程源码指纹 1ba0d919b7（与盘上文件不符即说明**跑的是旧代码**，需重启）
==========================================================================
第 106 次采样  2026-10-04 08:35:25
Exception (client): Error reading SSH protocol banner
Traceback (most recent call last):
  File "C:\Users\ASUS\AppData\Local\Programs\Python\Python311\Lib\site-packages\paramiko\transport.py", line 2213, in _check_banner
    buf = self.packetizer.readline(timeout)
          ^^^^^^^^^^^^^^^^^^^^^^^^^^^^^^^^^
  File "C:\Users\ASUS\AppData\Local\Programs\Python\Python311\Lib\site-packages\paramiko\packet.py", line 395, in readline
    buf += self._read_timeout(timeout)
           ^^^^^^^^^^^^^^^^^^^^^^^^^^^
  File "C:\Users\ASUS\AppData\Local\Programs\Python\Python311\Lib\site-packages\paramiko\packet.py", line 665, in _read_timeout
    raise EOFError()
EOFError

During handling of the above exception, another exception occurred:

Traceback (most recent call last):
  File "C:\Users\ASUS\AppData\Local\Programs\Python\Python311\Lib\site-packages\paramiko\transport.py", line 2029, in run
    self._check_banner()
  File "C:\Users\ASUS\AppData\Local\Programs\Python\Python311\Lib\site-packages\paramiko\transport.py", line 2217, in _check_banner
    raise SSHException(
paramiko.ssh_exception.SSHException: Error reading SSH protocol banner

--- A 机（base100@0, strat100@1）---
    · GPU 1 本次只占 4 MiB —— 疑为 run 边界空档（约 1–2 min，正常）；连续两次才升级为报警
    · 队列 2 ｜ 训练 46 ｜ 已建 33/40 ｜ 已完成 31/40 ｜ 日志OOM 0 ｜ 盘余 47 GB
--------------------------------------------------------------------------
本轮无异常、无空转。
本进程源码指纹 1ba0d919b7（与盘上文件不符即说明**跑的是旧代码**，需重启）
==========================================================================
第 107 次采样  2026-10-04 08:45:42
--- A 机（base100@0, strat100@1）---
    · 队列 2 ｜ 训练 90 ｜ 已建 33/40 ｜ 已完成 31/40 ｜ 日志OOM 0 ｜ 盘余 46 GB
--------------------------------------------------------------------------
本轮无异常、无空转。
本进程源码指纹 1ba0d919b7（与盘上文件不符即说明**跑的是旧代码**，需重启）
==========================================================================
第 108 次采样  2026-10-04 08:55:45
Exception (client): Error reading SSH protocol banner
Traceback (most recent call last):
  File "C:\Users\ASUS\AppData\Local\Programs\Python\Python311\Lib\site-packages\paramiko\transport.py", line 2213, in _check_banner
    buf = self.packetizer.readline(timeout)
          ^^^^^^^^^^^^^^^^^^^^^^^^^^^^^^^^^
  File "C:\Users\ASUS\AppData\Local\Programs\Python\Python311\Lib\site-packages\paramiko\packet.py", line 395, in readline
    buf += self._read_timeout(timeout)
           ^^^^^^^^^^^^^^^^^^^^^^^^^^^
  File "C:\Users\ASUS\AppData\Local\Programs\Python\Python311\Lib\site-packages\paramiko\packet.py", line 665, in _read_timeout
    raise EOFError()
EOFError

During handling of the above exception, another exception occurred:

Traceback (most recent call last):
  File "C:\Users\ASUS\AppData\Local\Programs\Python\Python311\Lib\site-packages\paramiko\transport.py", line 2029, in run
    self._check_banner()
  File "C:\Users\ASUS\AppData\Local\Programs\Python\Python311\Lib\site-packages\paramiko\transport.py", line 2217, in _check_banner
    raise SSHException(
paramiko.ssh_exception.SSHException: Error reading SSH protocol banner

Exception (client): Error reading SSH protocol banner
Traceback (most recent call last):
  File "C:\Users\ASUS\AppData\Local\Programs\Python\Python311\Lib\site-packages\paramiko\transport.py", line 2213, in _check_banner
    buf = self.packetizer.readline(timeout)
          ^^^^^^^^^^^^^^^^^^^^^^^^^^^^^^^^^
  File "C:\Users\ASUS\AppData\Local\Programs\Python\Python311\Lib\site-packages\paramiko\packet.py", line 395, in readline
    buf += self._read_timeout(timeout)
           ^^^^^^^^^^^^^^^^^^^^^^^^^^^
  File "C:\Users\ASUS\AppData\Local\Programs\Python\Python311\Lib\site-packages\paramiko\packet.py", line 665, in _read_timeout
    raise EOFError()
EOFError

During handling of the above exception, another exception occurred:

Traceback (most recent call last):
  File "C:\Users\ASUS\AppData\Local\Programs\Python\Python311\Lib\site-packages\paramiko\transport.py", line 2029, in run
    self._check_banner()
  File "C:\Users\ASUS\AppData\Local\Programs\Python\Python311\Lib\site-packages\paramiko\transport.py", line 2217, in _check_banner
    raise SSHException(
paramiko.ssh_exception.SSHException: Error reading SSH protocol banner

Exception (client): Error reading SSH protocol banner
Traceback (most recent call last):
  File "C:\Users\ASUS\AppData\Local\Programs\Python\Python311\Lib\site-packages\paramiko\transport.py", line 2213, in _check_banner
    buf = self.packetizer.readline(timeout)
          ^^^^^^^^^^^^^^^^^^^^^^^^^^^^^^^^^
  File "C:\Users\ASUS\AppData\Local\Programs\Python\Python311\Lib\site-packages\paramiko\packet.py", line 395, in readline
    buf += self._read_timeout(timeout)
           ^^^^^^^^^^^^^^^^^^^^^^^^^^^
  File "C:\Users\ASUS\AppData\Local\Programs\Python\Python311\Lib\site-packages\paramiko\packet.py", line 665, in _read_timeout
    raise EOFError()
EOFError

During handling of the above exception, another exception occurred:

Traceback (most recent call last):
  File "C:\Users\ASUS\AppData\Local\Programs\Python\Python311\Lib\site-packages\paramiko\transport.py", line 2029, in run
    self._check_banner()
  File "C:\Users\ASUS\AppData\Local\Programs\Python\Python311\Lib\site-packages\paramiko\transport.py", line 2217, in _check_banner
    raise SSHException(
paramiko.ssh_exception.SSHException: Error reading SSH protocol banner

Exception (client): Error reading SSH protocol banner
Traceback (most recent call last):
  File "C:\Users\ASUS\AppData\Local\Programs\Python\Python311\Lib\site-packages\paramiko\transport.py", line 2213, in _check_banner
    buf = self.packetizer.readline(timeout)
          ^^^^^^^^^^^^^^^^^^^^^^^^^^^^^^^^^
  File "C:\Users\ASUS\AppData\Local\Programs\Python\Python311\Lib\site-packages\paramiko\packet.py", line 395, in readline
    buf += self._read_timeout(timeout)
           ^^^^^^^^^^^^^^^^^^^^^^^^^^^
  File "C:\Users\ASUS\AppData\Local\Programs\Python\Python311\Lib\site-packages\paramiko\packet.py", line 665, in _read_timeout
    raise EOFError()
EOFError

During handling of the above exception, another exception occurred:

Traceback (most recent call last):
  File "C:\Users\ASUS\AppData\Local\Programs\Python\Python311\Lib\site-packages\paramiko\transport.py", line 2029, in run
    self._check_banner()
  File "C:\Users\ASUS\AppData\Local\Programs\Python\Python311\Lib\site-packages\paramiko\transport.py", line 2217, in _check_banner
    raise SSHException(
paramiko.ssh_exception.SSHException: Error reading SSH protocol banner

--- A 机（base100@0, strat100@1）---
    ★★★ **连不上**（SSH 失败）
    · 本机采样失败 ⇒ 沿用上一轮 runs 作基准（33 个 run），以免下一轮跳过停滞比较
--------------------------------------------------------------------------
本轮发现 1 个问题：
  ★ A: **连不上**（SSH 失败）
本进程源码指纹 1ba0d919b7（与盘上文件不符即说明**跑的是旧代码**，需重启）
==========================================================================
第 109 次采样  2026-10-04 09:06:46
Exception (client): Error reading SSH protocol banner
Traceback (most recent call last):
  File "C:\Users\ASUS\AppData\Local\Programs\Python\Python311\Lib\site-packages\paramiko\transport.py", line 2213, in _check_banner
    buf = self.packetizer.readline(timeout)
          ^^^^^^^^^^^^^^^^^^^^^^^^^^^^^^^^^
  File "C:\Users\ASUS\AppData\Local\Programs\Python\Python311\Lib\site-packages\paramiko\packet.py", line 395, in readline
    buf += self._read_timeout(timeout)
           ^^^^^^^^^^^^^^^^^^^^^^^^^^^
  File "C:\Users\ASUS\AppData\Local\Programs\Python\Python311\Lib\site-packages\paramiko\packet.py", line 665, in _read_timeout
    raise EOFError()
EOFError

During handling of the above exception, another exception occurred:

Traceback (most recent call last):
  File "C:\Users\ASUS\AppData\Local\Programs\Python\Python311\Lib\site-packages\paramiko\transport.py", line 2029, in run
    self._check_banner()
  File "C:\Users\ASUS\AppData\Local\Programs\Python\Python311\Lib\site-packages\paramiko\transport.py", line 2217, in _check_banner
    raise SSHException(
paramiko.ssh_exception.SSHException: Error reading SSH protocol banner

--- A 机（base100@0, strat100@1）---
    · 队列 2 ｜ 训练 90 ｜ 已建 33/40 ｜ 已完成 31/40 ｜ 日志OOM 0 ｜ 盘余 46 GB
--------------------------------------------------------------------------
本轮无异常、无空转。
本进程源码指纹 1ba0d919b7（与盘上文件不符即说明**跑的是旧代码**，需重启）
==========================================================================
第 110 次采样  2026-10-04 09:17:06
--- A 机（base100@0, strat100@1）---
    · 队列 2 ｜ 训练 90 ｜ 已建 34/40 ｜ 已完成 32/40 ｜ 日志OOM 0 ｜ 盘余 46 GB
--------------------------------------------------------------------------
本轮无异常、无空转。
本进程源码指纹 1ba0d919b7（与盘上文件不符即说明**跑的是旧代码**，需重启）
==========================================================================
第 111 次采样  2026-10-04 09:27:09
--- A 机（base100@0, strat100@1）---
    · 队列 2 ｜ 训练 90 ｜ 已建 34/40 ｜ 已完成 32/40 ｜ 日志OOM 0 ｜ 盘余 46 GB
--------------------------------------------------------------------------
本轮无异常、无空转。
本进程源码指纹 1ba0d919b7（与盘上文件不符即说明**跑的是旧代码**，需重启）
==========================================================================
第 112 次采样  2026-10-04 09:37:13
--- A 机（base100@0, strat100@1）---
    · 队列 2 ｜ 训练 90 ｜ 已建 34/40 ｜ 已完成 32/40 ｜ 日志OOM 0 ｜ 盘余 46 GB
--------------------------------------------------------------------------
本轮无异常、无空转。
本进程源码指纹 1ba0d919b7（与盘上文件不符即说明**跑的是旧代码**，需重启）
==========================================================================
第 113 次采样  2026-10-04 09:47:18
--- A 机（base100@0, strat100@1）---
    · 队列 2 ｜ 训练 90 ｜ 已建 34/40 ｜ 已完成 32/40 ｜ 日志OOM 0 ｜ 盘余 46 GB
--------------------------------------------------------------------------
本轮无异常、无空转。
本进程源码指纹 1ba0d919b7（与盘上文件不符即说明**跑的是旧代码**，需重启）
==========================================================================
第 114 次采样  2026-10-04 09:57:21
--- A 机（base100@0, strat100@1）---
    · 队列 2 ｜ 训练 90 ｜ 已建 35/40 ｜ 已完成 33/40 ｜ 日志OOM 0 ｜ 盘余 46 GB
--------------------------------------------------------------------------
本轮无异常、无空转。
本进程源码指纹 1ba0d919b7（与盘上文件不符即说明**跑的是旧代码**，需重启）
==========================================================================
第 115 次采样  2026-10-04 10:07:24
--- A 机（base100@0, strat100@1）---
    · 队列 2 ｜ 训练 90 ｜ 已建 35/40 ｜ 已完成 33/40 ｜ 日志OOM 0 ｜ 盘余 46 GB
--------------------------------------------------------------------------
本轮无异常、无空转。
本进程源码指纹 1ba0d919b7（与盘上文件不符即说明**跑的是旧代码**，需重启）
==========================================================================
第 116 次采样  2026-10-04 10:17:26
Exception (client): Error reading SSH protocol banner
Traceback (most recent call last):
  File "C:\Users\ASUS\AppData\Local\Programs\Python\Python311\Lib\site-packages\paramiko\transport.py", line 2213, in _check_banner
    buf = self.packetizer.readline(timeout)
          ^^^^^^^^^^^^^^^^^^^^^^^^^^^^^^^^^
  File "C:\Users\ASUS\AppData\Local\Programs\Python\Python311\Lib\site-packages\paramiko\packet.py", line 395, in readline
    buf += self._read_timeout(timeout)
           ^^^^^^^^^^^^^^^^^^^^^^^^^^^
  File "C:\Users\ASUS\AppData\Local\Programs\Python\Python311\Lib\site-packages\paramiko\packet.py", line 665, in _read_timeout
    raise EOFError()
EOFError

During handling of the above exception, another exception occurred:

Traceback (most recent call last):
  File "C:\Users\ASUS\AppData\Local\Programs\Python\Python311\Lib\site-packages\paramiko\transport.py", line 2029, in run
    self._check_banner()
  File "C:\Users\ASUS\AppData\Local\Programs\Python\Python311\Lib\site-packages\paramiko\transport.py", line 2217, in _check_banner
    raise SSHException(
paramiko.ssh_exception.SSHException: Error reading SSH protocol banner

--- A 机（base100@0, strat100@1）---
    · 队列 2 ｜ 训练 90 ｜ 已建 35/40 ｜ 已完成 33/40 ｜ 日志OOM 0 ｜ 盘余 46 GB
--------------------------------------------------------------------------
本轮无异常、无空转。
本进程源码指纹 1ba0d919b7（与盘上文件不符即说明**跑的是旧代码**，需重启）
==========================================================================
第 117 次采样  2026-10-04 10:27:44
--- A 机（base100@0, strat100@1）---
    · 队列 2 ｜ 训练 90 ｜ 已建 35/40 ｜ 已完成 33/40 ｜ 日志OOM 0 ｜ 盘余 46 GB
--------------------------------------------------------------------------
本轮无异常、无空转。
本进程源码指纹 1ba0d919b7（与盘上文件不符即说明**跑的是旧代码**，需重启）
==========================================================================
第 118 次采样  2026-10-04 10:37:47
--- A 机（base100@0, strat100@1）---
    · 队列 2 ｜ 训练 90 ｜ 已建 36/40 ｜ 已完成 34/40 ｜ 日志OOM 0 ｜ 盘余 46 GB
--------------------------------------------------------------------------
本轮无异常、无空转。
本进程源码指纹 1ba0d919b7（与盘上文件不符即说明**跑的是旧代码**，需重启）
==========================================================================
第 119 次采样  2026-10-04 10:47:50
--- A 机（base100@0, strat100@1）---
    · 队列 2 ｜ 训练 90 ｜ 已建 36/40 ｜ 已完成 34/40 ｜ 日志OOM 0 ｜ 盘余 46 GB
--------------------------------------------------------------------------
本轮无异常、无空转。
本进程源码指纹 1ba0d919b7（与盘上文件不符即说明**跑的是旧代码**，需重启）
==========================================================================
第 120 次采样  2026-10-04 10:57:52
--- A 机（base100@0, strat100@1）---
    · 队列 2 ｜ 训练 90 ｜ 已建 36/40 ｜ 已完成 34/40 ｜ 日志OOM 0 ｜ 盘余 46 GB
--------------------------------------------------------------------------
本轮无异常、无空转。
本进程源码指纹 1ba0d919b7（与盘上文件不符即说明**跑的是旧代码**，需重启）
==========================================================================
第 121 次采样  2026-10-04 11:07:55
--- A 机（base100@0, strat100@1）---
    · 队列 2 ｜ 训练 90 ｜ 已建 36/40 ｜ 已完成 34/40 ｜ 日志OOM 0 ｜ 盘余 46 GB
--------------------------------------------------------------------------
本轮无异常、无空转。
本进程源码指纹 1ba0d919b7（与盘上文件不符即说明**跑的是旧代码**，需重启）
==========================================================================
第 122 次采样  2026-10-04 11:17:58
--- A 机（base100@0, strat100@1）---
    · 队列 2 ｜ 训练 90 ｜ 已建 37/40 ｜ 已完成 35/40 ｜ 日志OOM 0 ｜ 盘余 46 GB
--------------------------------------------------------------------------
本轮无异常、无空转。
本进程源码指纹 1ba0d919b7（与盘上文件不符即说明**跑的是旧代码**，需重启）
==========================================================================
第 123 次采样  2026-10-04 11:28:00
--- A 机（base100@0, strat100@1）---
    · 队列 2 ｜ 训练 90 ｜ 已建 37/40 ｜ 已完成 35/40 ｜ 日志OOM 0 ｜ 盘余 46 GB
--------------------------------------------------------------------------
本轮无异常、无空转。
本进程源码指纹 1ba0d919b7（与盘上文件不符即说明**跑的是旧代码**，需重启）
==========================================================================
第 124 次采样  2026-10-04 11:38:02
--- A 机（base100@0, strat100@1）---
    · 队列 2 ｜ 训练 90 ｜ 已建 37/40 ｜ 已完成 35/40 ｜ 日志OOM 0 ｜ 盘余 46 GB
--------------------------------------------------------------------------
本轮无异常、无空转。
本进程源码指纹 1ba0d919b7（与盘上文件不符即说明**跑的是旧代码**，需重启）
==========================================================================
第 125 次采样  2026-10-04 11:48:04
--- A 机（base100@0, strat100@1）---
    · 队列 2 ｜ 训练 90 ｜ 已建 37/40 ｜ 已完成 35/40 ｜ 日志OOM 0 ｜ 盘余 45 GB
--------------------------------------------------------------------------
本轮无异常、无空转。
本进程源码指纹 1ba0d919b7（与盘上文件不符即说明**跑的是旧代码**，需重启）
==========================================================================
第 126 次采样  2026-10-04 11:58:43
--- A 机（base100@0, strat100@1）---
    · 队列 2 ｜ 训练 90 ｜ 已建 37/40 ｜ 已完成 35/40 ｜ 日志OOM 0 ｜ 盘余 45 GB
--------------------------------------------------------------------------
本轮无异常、无空转。
本进程源码指纹 1ba0d919b7（与盘上文件不符即说明**跑的是旧代码**，需重启）
==========================================================================
第 127 次采样  2026-10-04 12:08:46
--- A 机（base100@0, strat100@1）---
    · 队列 2 ｜ 训练 90 ｜ 已建 38/40 ｜ 已完成 36/40 ｜ 日志OOM 0 ｜ 盘余 45 GB
--------------------------------------------------------------------------
本轮无异常、无空转。
本进程源码指纹 1ba0d919b7（与盘上文件不符即说明**跑的是旧代码**，需重启）
==========================================================================
第 128 次采样  2026-10-04 12:18:55
Exception (client): Error reading SSH protocol banner
Traceback (most recent call last):
  File "C:\Users\ASUS\AppData\Local\Programs\Python\Python311\Lib\site-packages\paramiko\transport.py", line 2213, in _check_banner
    buf = self.packetizer.readline(timeout)
          ^^^^^^^^^^^^^^^^^^^^^^^^^^^^^^^^^
  File "C:\Users\ASUS\AppData\Local\Programs\Python\Python311\Lib\site-packages\paramiko\packet.py", line 395, in readline
    buf += self._read_timeout(timeout)
           ^^^^^^^^^^^^^^^^^^^^^^^^^^^
  File "C:\Users\ASUS\AppData\Local\Programs\Python\Python311\Lib\site-packages\paramiko\packet.py", line 665, in _read_timeout
    raise EOFError()
EOFError

During handling of the above exception, another exception occurred:

Traceback (most recent call last):
  File "C:\Users\ASUS\AppData\Local\Programs\Python\Python311\Lib\site-packages\paramiko\transport.py", line 2029, in run
    self._check_banner()
  File "C:\Users\ASUS\AppData\Local\Programs\Python\Python311\Lib\site-packages\paramiko\transport.py", line 2217, in _check_banner
    raise SSHException(
paramiko.ssh_exception.SSHException: Error reading SSH protocol banner

Exception (client): Error reading SSH protocol banner
Traceback (most recent call last):
  File "C:\Users\ASUS\AppData\Local\Programs\Python\Python311\Lib\site-packages\paramiko\transport.py", line 2213, in _check_banner
    buf = self.packetizer.readline(timeout)
          ^^^^^^^^^^^^^^^^^^^^^^^^^^^^^^^^^
  File "C:\Users\ASUS\AppData\Local\Programs\Python\Python311\Lib\site-packages\paramiko\packet.py", line 395, in readline
    buf += self._read_timeout(timeout)
           ^^^^^^^^^^^^^^^^^^^^^^^^^^^
  File "C:\Users\ASUS\AppData\Local\Programs\Python\Python311\Lib\site-packages\paramiko\packet.py", line 665, in _read_timeout
    raise EOFError()
EOFError

During handling of the above exception, another exception occurred:

Traceback (most recent call last):
  File "C:\Users\ASUS\AppData\Local\Programs\Python\Python311\Lib\site-packages\paramiko\transport.py", line 2029, in run
    self._check_banner()
  File "C:\Users\ASUS\AppData\Local\Programs\Python\Python311\Lib\site-packages\paramiko\transport.py", line 2217, in _check_banner
    raise SSHException(
paramiko.ssh_exception.SSHException: Error reading SSH protocol banner

--- A 机（base100@0, strat100@1）---
    ★★★ **连不上**（SSH 失败）
    · 本机采样失败 ⇒ 沿用上一轮 runs 作基准（38 个 run），以免下一轮跳过停滞比较
--------------------------------------------------------------------------
本轮发现 1 个问题：
  ★ A: **连不上**（SSH 失败）
本进程源码指纹 1ba0d919b7（与盘上文件不符即说明**跑的是旧代码**，需重启）
==========================================================================
第 129 次采样  2026-10-04 12:30:53
--- A 机（base100@0, strat100@1）---
    · 队列 2 ｜ 训练 90 ｜ 已建 38/40 ｜ 已完成 36/40 ｜ 日志OOM 0 ｜ 盘余 45 GB
--------------------------------------------------------------------------
本轮无异常、无空转。
本进程源码指纹 1ba0d919b7（与盘上文件不符即说明**跑的是旧代码**，需重启）
==========================================================================
第 130 次采样  2026-10-04 12:40:59
--- A 机（base100@0, strat100@1）---
    · 队列 2 ｜ 训练 54 ｜ 已建 38/40 ｜ 已完成 36/40 ｜ 日志OOM 0 ｜ 盘余 45 GB
--------------------------------------------------------------------------
本轮无异常、无空转。
本进程源码指纹 1ba0d919b7（与盘上文件不符即说明**跑的是旧代码**，需重启）
==========================================================================
第 131 次采样  2026-10-04 12:51:45
Exception (client): Error reading SSH protocol banner[WinError 10054] 远程主机强迫关闭了一个现有的连接。
Traceback (most recent call last):
  File "C:\Users\ASUS\AppData\Local\Programs\Python\Python311\Lib\site-packages\paramiko\transport.py", line 2213, in _check_banner
    buf = self.packetizer.readline(timeout)
          ^^^^^^^^^^^^^^^^^^^^^^^^^^^^^^^^^
  File "C:\Users\ASUS\AppData\Local\Programs\Python\Python311\Lib\site-packages\paramiko\packet.py", line 395, in readline
    buf += self._read_timeout(timeout)
           ^^^^^^^^^^^^^^^^^^^^^^^^^^^
  File "C:\Users\ASUS\AppData\Local\Programs\Python\Python311\Lib\site-packages\paramiko\packet.py", line 663, in _read_timeout
    x = self.__socket.recv(128)
        ^^^^^^^^^^^^^^^^^^^^^^^
ConnectionResetError: [WinError 10054] 远程主机强迫关闭了一个现有的连接。

During handling of the above exception, another exception occurred:

Traceback (most recent call last):
  File "C:\Users\ASUS\AppData\Local\Programs\Python\Python311\Lib\site-packages\paramiko\transport.py", line 2029, in run
    self._check_banner()
  File "C:\Users\ASUS\AppData\Local\Programs\Python\Python311\Lib\site-packages\paramiko\transport.py", line 2217, in _check_banner
    raise SSHException(
paramiko.ssh_exception.SSHException: Error reading SSH protocol banner[WinError 10054] 远程主机强迫关闭了一个现有的连接。

Exception (client): Error reading SSH protocol banner
Traceback (most recent call last):
  File "C:\Users\ASUS\AppData\Local\Programs\Python\Python311\Lib\site-packages\paramiko\transport.py", line 2213, in _check_banner
    buf = self.packetizer.readline(timeout)
          ^^^^^^^^^^^^^^^^^^^^^^^^^^^^^^^^^
  File "C:\Users\ASUS\AppData\Local\Programs\Python\Python311\Lib\site-packages\paramiko\packet.py", line 395, in readline
    buf += self._read_timeout(timeout)
           ^^^^^^^^^^^^^^^^^^^^^^^^^^^
  File "C:\Users\ASUS\AppData\Local\Programs\Python\Python311\Lib\site-packages\paramiko\packet.py", line 665, in _read_timeout
    raise EOFError()
EOFError

During handling of the above exception, another exception occurred:

Traceback (most recent call last):
  File "C:\Users\ASUS\AppData\Local\Programs\Python\Python311\Lib\site-packages\paramiko\transport.py", line 2029, in run
    self._check_banner()
  File "C:\Users\ASUS\AppData\Local\Programs\Python\Python311\Lib\site-packages\paramiko\transport.py", line 2217, in _check_banner
    raise SSHException(
paramiko.ssh_exception.SSHException: Error reading SSH protocol banner

--- A 机（base100@0, strat100@1）---
    · 队列 2 ｜ 训练 90 ｜ 已建 39/40 ｜ 已完成 37/40 ｜ 日志OOM 0 ｜ 盘余 45 GB
--------------------------------------------------------------------------
本轮无异常、无空转。
本进程源码指纹 1ba0d919b7（与盘上文件不符即说明**跑的是旧代码**，需重启）
==========================================================================
第 132 次采样  2026-10-04 13:02:21
--- A 机（base100@0, strat100@1）---
    · 队列 2 ｜ 训练 90 ｜ 已建 39/40 ｜ 已完成 37/40 ｜ 日志OOM 0 ｜ 盘余 45 GB
--------------------------------------------------------------------------
本轮无异常、无空转。
本进程源码指纹 1ba0d919b7（与盘上文件不符即说明**跑的是旧代码**，需重启）
==========================================================================
第 133 次采样  2026-10-04 13:12:24
--- A 机（base100@0, strat100@1）---
    · 队列 2 ｜ 训练 90 ｜ 已建 39/40 ｜ 已完成 37/40 ｜ 日志OOM 0 ｜ 盘余 45 GB
--------------------------------------------------------------------------
本轮无异常、无空转。
本进程源码指纹 1ba0d919b7（与盘上文件不符即说明**跑的是旧代码**，需重启）
==========================================================================
第 134 次采样  2026-10-04 13:22:27
--- A 机（base100@0, strat100@1）---
    · 队列 2 ｜ 训练 90 ｜ 已建 39/40 ｜ 已完成 37/40 ｜ 日志OOM 0 ｜ 盘余 45 GB
--------------------------------------------------------------------------
本轮无异常、无空转。
本进程源码指纹 1ba0d919b7（与盘上文件不符即说明**跑的是旧代码**，需重启）
==========================================================================
第 135 次采样  2026-10-04 13:32:29
--- A 机（base100@0, strat100@1）---
    · 队列 2 ｜ 训练 90 ｜ 已建 40/40 ｜ 已完成 38/40 ｜ 日志OOM 0 ｜ 盘余 45 GB
--------------------------------------------------------------------------
本轮无异常、无空转。
本进程源码指纹 1ba0d919b7（与盘上文件不符即说明**跑的是旧代码**，需重启）
==========================================================================
第 136 次采样  2026-10-04 13:42:31
--- A 机（base100@0, strat100@1）---
    · 队列 2 ｜ 训练 90 ｜ 已建 40/40 ｜ 已完成 38/40 ｜ 日志OOM 0 ｜ 盘余 45 GB
--------------------------------------------------------------------------
本轮无异常、无空转。
本进程源码指纹 1ba0d919b7（与盘上文件不符即说明**跑的是旧代码**，需重启）
==========================================================================
第 137 次采样  2026-10-04 13:52:33
--- A 机（base100@0, strat100@1）---
    · 队列 2 ｜ 训练 90 ｜ 已建 40/40 ｜ 已完成 38/40 ｜ 日志OOM 0 ｜ 盘余 45 GB
--------------------------------------------------------------------------
本轮无异常、无空转。
本进程源码指纹 1ba0d919b7（与盘上文件不符即说明**跑的是旧代码**，需重启）
==========================================================================
第 138 次采样  2026-10-04 14:02:36
--- A 机（base100@0, strat100@1）---
    · 队列 2 ｜ 训练 90 ｜ 已建 40/40 ｜ 已完成 38/40 ｜ 日志OOM 0 ｜ 盘余 45 GB
--------------------------------------------------------------------------
本轮无异常、无空转。
本进程源码指纹 1ba0d919b7（与盘上文件不符即说明**跑的是旧代码**，需重启）
==========================================================================
第 139 次采样  2026-10-04 14:12:38
Exception (client): Error reading SSH protocol banner
Traceback (most recent call last):
  File "C:\Users\ASUS\AppData\Local\Programs\Python\Python311\Lib\site-packages\paramiko\transport.py", line 2213, in _check_banner
    buf = self.packetizer.readline(timeout)
          ^^^^^^^^^^^^^^^^^^^^^^^^^^^^^^^^^
  File "C:\Users\ASUS\AppData\Local\Programs\Python\Python311\Lib\site-packages\paramiko\packet.py", line 395, in readline
    buf += self._read_timeout(timeout)
           ^^^^^^^^^^^^^^^^^^^^^^^^^^^
  File "C:\Users\ASUS\AppData\Local\Programs\Python\Python311\Lib\site-packages\paramiko\packet.py", line 665, in _read_timeout
    raise EOFError()
EOFError

During handling of the above exception, another exception occurred:

Traceback (most recent call last):
  File "C:\Users\ASUS\AppData\Local\Programs\Python\Python311\Lib\site-packages\paramiko\transport.py", line 2029, in run
    self._check_banner()
  File "C:\Users\ASUS\AppData\Local\Programs\Python\Python311\Lib\site-packages\paramiko\transport.py", line 2217, in _check_banner
    raise SSHException(
paramiko.ssh_exception.SSHException: Error reading SSH protocol banner

--- A 机（base100@0, strat100@1）---
    · GPU 1 本次只占 1 MiB —— 疑为 run 边界空档（约 1–2 min，正常）；连续两次才升级为报警
    · 队列 1 ｜ 训练 45 ｜ 已建 40/40 ｜ 已完成 39/40 ｜ 日志OOM 0 ｜ 盘余 45 GB
--------------------------------------------------------------------------
本轮无异常、无空转。
本进程源码指纹 1ba0d919b7（与盘上文件不符即说明**跑的是旧代码**，需重启）
==========================================================================
第 140 次采样  2026-10-04 14:22:56
--- A 机（base100@0, strat100@1）---
    · 队列 1 ｜ 训练 45 ｜ 已建 40/40 ｜ 已完成 39/40 ｜ 日志OOM 0 ｜ 盘余 45 GB
    ★★★ 空转：GPU 1 连续 2 次只占 1 MiB（无任务）—— 单次是 run 边界空档，**连续两次才判空转**
--------------------------------------------------------------------------
本轮发现 1 个问题：
  ★ A: 空转：GPU 1 连续 2 次只占 1 MiB（无任务）—— 单次是 run 边界空档，**连续两次才判空转**
本进程源码指纹 1ba0d919b7（与盘上文件不符即说明**跑的是旧代码**，需重启）
==========================================================================
第 141 次采样  2026-10-04 14:32:58
Exception (client): Error reading SSH protocol banner
Traceback (most recent call last):
  File "C:\Users\ASUS\AppData\Local\Programs\Python\Python311\Lib\site-packages\paramiko\transport.py", line 2213, in _check_banner
    buf = self.packetizer.readline(timeout)
          ^^^^^^^^^^^^^^^^^^^^^^^^^^^^^^^^^
  File "C:\Users\ASUS\AppData\Local\Programs\Python\Python311\Lib\site-packages\paramiko\packet.py", line 395, in readline
    buf += self._read_timeout(timeout)
           ^^^^^^^^^^^^^^^^^^^^^^^^^^^
  File "C:\Users\ASUS\AppData\Local\Programs\Python\Python311\Lib\site-packages\paramiko\packet.py", line 665, in _read_timeout
    raise EOFError()
EOFError

During handling of the above exception, another exception occurred:

Traceback (most recent call last):
  File "C:\Users\ASUS\AppData\Local\Programs\Python\Python311\Lib\site-packages\paramiko\transport.py", line 2029, in run
    self._check_banner()
  File "C:\Users\ASUS\AppData\Local\Programs\Python\Python311\Lib\site-packages\paramiko\transport.py", line 2217, in _check_banner
    raise SSHException(
paramiko.ssh_exception.SSHException: Error reading SSH protocol banner

--- A 机（base100@0, strat100@1）---
    · 队列 1 ｜ 训练 45 ｜ 已建 40/40 ｜ 已完成 39/40 ｜ 日志OOM 0 ｜ 盘余 45 GB
    ★★★ 空转：GPU 1 连续 3 次只占 1 MiB（无任务）—— 单次是 run 边界空档，**连续两次才判空转**
--------------------------------------------------------------------------
本轮发现 1 个问题：
  ★ A: 空转：GPU 1 连续 3 次只占 1 MiB（无任务）—— 单次是 run 边界空档，**连续两次才判空转**
本进程源码指纹 1ba0d919b7（与盘上文件不符即说明**跑的是旧代码**，需重启）
==========================================================================
第 142 次采样  2026-10-04 14:43:15
--- A 机（base100@0, strat100@1）---
    · GPU 0 空（1 MiB）—— **完工态**（已完成 40/40、队列 0），不判空转
    · GPU 1 空（1 MiB）—— **完工态**（已完成 40/40、队列 0），不判空转
    · 队列 0 ｜ 训练 0 ｜ 已建 40/40 ｜ 已完成 40/40 ｜ 日志OOM 0 ｜ 盘余 45 GB
--------------------------------------------------------------------------
本轮无异常、无空转。
本进程源码指纹 1ba0d919b7（与盘上文件不符即说明**跑的是旧代码**，需重启）
==========================================================================
第 143 次采样  2026-10-04 14:53:54
Exception (client): Error reading SSH protocol banner[WinError 10054] 远程主机强迫关闭了一个现有的连接。
Traceback (most recent call last):
  File "C:\Users\ASUS\AppData\Local\Programs\Python\Python311\Lib\site-packages\paramiko\transport.py", line 2213, in _check_banner
    buf = self.packetizer.readline(timeout)
          ^^^^^^^^^^^^^^^^^^^^^^^^^^^^^^^^^
  File "C:\Users\ASUS\AppData\Local\Programs\Python\Python311\Lib\site-packages\paramiko\packet.py", line 395, in readline
    buf += self._read_timeout(timeout)
           ^^^^^^^^^^^^^^^^^^^^^^^^^^^
  File "C:\Users\ASUS\AppData\Local\Programs\Python\Python311\Lib\site-packages\paramiko\packet.py", line 663, in _read_timeout
    x = self.__socket.recv(128)
        ^^^^^^^^^^^^^^^^^^^^^^^
ConnectionResetError: [WinError 10054] 远程主机强迫关闭了一个现有的连接。

During handling of the above exception, another exception occurred:

Traceback (most recent call last):
  File "C:\Users\ASUS\AppData\Local\Programs\Python\Python311\Lib\site-packages\paramiko\transport.py", line 2029, in run
    self._check_banner()
  File "C:\Users\ASUS\AppData\Local\Programs\Python\Python311\Lib\site-packages\paramiko\transport.py", line 2217, in _check_banner
    raise SSHException(
paramiko.ssh_exception.SSHException: Error reading SSH protocol banner[WinError 10054] 远程主机强迫关闭了一个现有的连接。

Exception (client): Error reading SSH protocol banner
Traceback (most recent call last):
  File "C:\Users\ASUS\AppData\Local\Programs\Python\Python311\Lib\site-packages\paramiko\transport.py", line 2213, in _check_banner
    buf = self.packetizer.readline(timeout)
          ^^^^^^^^^^^^^^^^^^^^^^^^^^^^^^^^^
  File "C:\Users\ASUS\AppData\Local\Programs\Python\Python311\Lib\site-packages\paramiko\packet.py", line 395, in readline
    buf += self._read_timeout(timeout)
           ^^^^^^^^^^^^^^^^^^^^^^^^^^^
  File "C:\Users\ASUS\AppData\Local\Programs\Python\Python311\Lib\site-packages\paramiko\packet.py", line 665, in _read_timeout
    raise EOFError()
EOFError

During handling of the above exception, another exception occurred:

Traceback (most recent call last):
  File "C:\Users\ASUS\AppData\Local\Programs\Python\Python311\Lib\site-packages\paramiko\transport.py", line 2029, in run
    self._check_banner()
  File "C:\Users\ASUS\AppData\Local\Programs\Python\Python311\Lib\site-packages\paramiko\transport.py", line 2217, in _check_banner
    raise SSHException(
paramiko.ssh_exception.SSHException: Error reading SSH protocol banner

--- A 机（base100@0, strat100@1）---
    ★★★ **连不上**（SSH 失败）
    · 本机采样失败 ⇒ 沿用上一轮 runs 作基准（40 个 run），以免下一轮跳过停滞比较
--------------------------------------------------------------------------
本轮发现 1 个问题：
  ★ A: **连不上**（SSH 失败）
本进程源码指纹 1ba0d919b7（与盘上文件不符即说明**跑的是旧代码**，需重启）
==========================================================================
第 144 次采样  2026-10-04 15:05:38
Exception (client): Error reading SSH protocol banner
Traceback (most recent call last):
  File "C:\Users\ASUS\AppData\Local\Programs\Python\Python311\Lib\site-packages\paramiko\transport.py", line 2213, in _check_banner
    buf = self.packetizer.readline(timeout)
          ^^^^^^^^^^^^^^^^^^^^^^^^^^^^^^^^^
  File "C:\Users\ASUS\AppData\Local\Programs\Python\Python311\Lib\site-packages\paramiko\packet.py", line 395, in readline
    buf += self._read_timeout(timeout)
           ^^^^^^^^^^^^^^^^^^^^^^^^^^^
  File "C:\Users\ASUS\AppData\Local\Programs\Python\Python311\Lib\site-packages\paramiko\packet.py", line 665, in _read_timeout
    raise EOFError()
EOFError

During handling of the above exception, another exception occurred:

Traceback (most recent call last):
  File "C:\Users\ASUS\AppData\Local\Programs\Python\Python311\Lib\site-packages\paramiko\transport.py", line 2029, in run
    self._check_banner()
  File "C:\Users\ASUS\AppData\Local\Programs\Python\Python311\Lib\site-packages\paramiko\transport.py", line 2217, in _check_banner
    raise SSHException(
paramiko.ssh_exception.SSHException: Error reading SSH protocol banner

--- A 机（base100@0, strat100@1）---
    · GPU 0 空（1 MiB）—— **完工态**（已完成 40/40、队列 0），不判空转
    · GPU 1 空（1 MiB）—— **完工态**（已完成 40/40、队列 0），不判空转
    · 队列 0 ｜ 训练 0 ｜ 已建 40/40 ｜ 已完成 40/40 ｜ 日志OOM 0 ｜ 盘余 45 GB
--------------------------------------------------------------------------
本轮无异常、无空转。
本进程源码指纹 1ba0d919b7（与盘上文件不符即说明**跑的是旧代码**，需重启）
==========================================================================
第 145 次采样  2026-10-04 15:15:56
--- A 机（base100@0, strat100@1）---
    ★★★ **连不上**（SSH 失败）
    · 本机采样失败 ⇒ 沿用上一轮 runs 作基准（40 个 run），以免下一轮跳过停滞比较
--------------------------------------------------------------------------
本轮发现 1 个问题：
  ★ A: **连不上**（SSH 失败）
本进程源码指纹 1ba0d919b7（与盘上文件不符即说明**跑的是旧代码**，需重启）
==========================================================================
第 146 次采样  2026-10-04 15:27:53
--- A 机（base100@0, strat100@1）---
    ★★★ **连不上**（SSH 失败）
    · 本机采样失败 ⇒ 沿用上一轮 runs 作基准（40 个 run），以免下一轮跳过停滞比较
--------------------------------------------------------------------------
本轮发现 1 个问题：
  ★ A: **连不上**（SSH 失败）
本进程源码指纹 1ba0d919b7（与盘上文件不符即说明**跑的是旧代码**，需重启）
==========================================================================
第 147 次采样  2026-10-04 15:40:13
--- A 机（base100@0, strat100@1）---
    ★★★ **连不上**（SSH 失败）
    · 本机采样失败 ⇒ 沿用上一轮 runs 作基准（40 个 run），以免下一轮跳过停滞比较
--------------------------------------------------------------------------
本轮发现 1 个问题：
  ★ A: **连不上**（SSH 失败）
本进程源码指纹 1ba0d919b7（与盘上文件不符即说明**跑的是旧代码**，需重启）
==========================================================================
第 148 次采样  2026-10-04 15:51:40
--- A 机（base100@0, strat100@1）---
    ★★★ **连不上**（SSH 失败）
    · 本机采样失败 ⇒ 沿用上一轮 runs 作基准（40 个 run），以免下一轮跳过停滞比较
--------------------------------------------------------------------------
本轮发现 1 个问题：
  ★ A: **连不上**（SSH 失败）
本进程源码指纹 1ba0d919b7（与盘上文件不符即说明**跑的是旧代码**，需重启）
==========================================================================
第 149 次采样  2026-10-04 16:03:01
--- A 机（base100@0, strat100@1）---
    · 队列 0 ｜ 训练 0 ｜ 已建 40/40 ｜ 已完成 40/40 ｜ 日志OOM 0 ｜ 盘余 45 GB
--------------------------------------------------------------------------
本轮无异常、无空转。
本进程源码指纹 1ba0d919b7（与盘上文件不符即说明**跑的是旧代码**，需重启）
==========================================================================
第 150 次采样  2026-10-04 16:13:03
--- A 机（base100@0, strat100@1）---
    · 队列 0 ｜ 训练 0 ｜ 已建 40/40 ｜ 已完成 40/40 ｜ 日志OOM 0 ｜ 盘余 140 GB
--------------------------------------------------------------------------
本轮无异常、无空转。
本进程源码指纹 1ba0d919b7（与盘上文件不符即说明**跑的是旧代码**，需重启）
==========================================================================
第 151 次采样  2026-10-04 16:23:09
--- A 机（base100@0, strat100@1）---
    · 队列 0 ｜ 训练 0 ｜ 已建 40/40 ｜ 已完成 40/40 ｜ 日志OOM 0 ｜ 盘余 140 GB
--------------------------------------------------------------------------
本轮无异常、无空转。
本进程源码指纹 1ba0d919b7（与盘上文件不符即说明**跑的是旧代码**，需重启）
==========================================================================
第 152 次采样  2026-10-04 16:33:10
--- A 机（base100@0, strat100@1）---
    · 队列 0 ｜ 训练 0 ｜ 已建 40/40 ｜ 已完成 40/40 ｜ 日志OOM 0 ｜ 盘余 140 GB
--------------------------------------------------------------------------
本轮无异常、无空转。
本进程源码指纹 1ba0d919b7（与盘上文件不符即说明**跑的是旧代码**，需重启）
==========================================================================
第 153 次采样  2026-10-04 16:43:44
--- A 机（base100@0, strat100@1）---
    · 队列 0 ｜ 训练 0 ｜ 已建 40/40 ｜ 已完成 40/40 ｜ 日志OOM 0 ｜ 盘余 141 GB
--------------------------------------------------------------------------
本轮无异常、无空转。
本进程源码指纹 1ba0d919b7（与盘上文件不符即说明**跑的是旧代码**，需重启）
==========================================================================
第 154 次采样  2026-10-04 16:53:45
--- A 机（base100@0, strat100@1）---
    · 队列 0 ｜ 训练 0 ｜ 已建 40/40 ｜ 已完成 40/40 ｜ 日志OOM 0 ｜ 盘余 140 GB
--------------------------------------------------------------------------
本轮无异常、无空转。
本进程源码指纹 1ba0d919b7（与盘上文件不符即说明**跑的是旧代码**，需重启）
==========================================================================
第 155 次采样  2026-10-04 17:03:48
--- A 机（base100@0, strat100@1）---
    · 队列 0 ｜ 训练 0 ｜ 已建 40/40 ｜ 已完成 40/40 ｜ 日志OOM 0 ｜ 盘余 140 GB
--------------------------------------------------------------------------
本轮无异常、无空转。
本进程源码指纹 1ba0d919b7（与盘上文件不符即说明**跑的是旧代码**，需重启）
==========================================================================
第 156 次采样  2026-10-04 17:14:37
--- A 机（base100@0, strat100@1）---
    · 队列 0 ｜ 训练 0 ｜ 已建 40/40 ｜ 已完成 40/40 ｜ 日志OOM 0 ｜ 盘余 140 GB
--------------------------------------------------------------------------
本轮无异常、无空转。
本进程源码指纹 1ba0d919b7（与盘上文件不符即说明**跑的是旧代码**，需重启）
==========================================================================
第 157 次采样  2026-10-04 17:26:11
--- A 机（base100@0, strat100@1）---
    · 队列 0 ｜ 训练 0 ｜ 已建 40/40 ｜ 已完成 40/40 ｜ 日志OOM 0 ｜ 盘余 140 GB
--------------------------------------------------------------------------
本轮无异常、无空转。
本进程源码指纹 1ba0d919b7（与盘上文件不符即说明**跑的是旧代码**，需重启）
==========================================================================
第 158 次采样  2026-10-04 17:37:44
--- A 机（base100@0, strat100@1）---
    · 队列 0 ｜ 训练 0 ｜ 已建 40/40 ｜ 已完成 40/40 ｜ 日志OOM 0 ｜ 盘余 142 GB
--------------------------------------------------------------------------
本轮无异常、无空转。
本进程源码指纹 1ba0d919b7（与盘上文件不符即说明**跑的是旧代码**，需重启）
==========================================================================
第 159 次采样  2026-10-04 17:48:55
--- A 机（base100@0, strat100@1）---
    · 队列 0 ｜ 训练 0 ｜ 已建 40/40 ｜ 已完成 40/40 ｜ 日志OOM 0 ｜ 盘余 142 GB
--------------------------------------------------------------------------
本轮无异常、无空转。
本进程源码指纹 1ba0d919b7（与盘上文件不符即说明**跑的是旧代码**，需重启）
==========================================================================
第 160 次采样  2026-10-04 18:00:07
--- A 机（base100@0, strat100@1）---
    · 队列 0 ｜ 训练 0 ｜ 已建 40/40 ｜ 已完成 40/40 ｜ 日志OOM 0 ｜ 盘余 142 GB
--------------------------------------------------------------------------
本轮无异常、无空转。
本进程源码指纹 1ba0d919b7（与盘上文件不符即说明**跑的是旧代码**，需重启）
==========================================================================
第 161 次采样  2026-10-04 18:10:09
--- A 机（base100@0, strat100@1）---
    · 队列 0 ｜ 训练 0 ｜ 已建 40/40 ｜ 已完成 40/40 ｜ 日志OOM 0 ｜ 盘余 142 GB
--------------------------------------------------------------------------
本轮无异常、无空转。
本进程源码指纹 1ba0d919b7（与盘上文件不符即说明**跑的是旧代码**，需重启）
==========================================================================
第 162 次采样  2026-10-04 18:20:25
--- A 机（base100@0, strat100@1）---
    ★★★ **连不上**（SSH 失败）
    · 本机采样失败 ⇒ 沿用上一轮 runs 作基准（40 个 run），以免下一轮跳过停滞比较
--------------------------------------------------------------------------
本轮发现 1 个问题：
  ★ A: **连不上**（SSH 失败）
本进程源码指纹 1ba0d919b7（与盘上文件不符即说明**跑的是旧代码**，需重启）
==========================================================================
第 163 次采样  2026-10-04 18:32:00
--- A 机（base100@0, strat100@1）---
    ★★★ **连不上**（SSH 失败）
    · 本机采样失败 ⇒ 沿用上一轮 runs 作基准（40 个 run），以免下一轮跳过停滞比较
--------------------------------------------------------------------------
本轮发现 1 个问题：
  ★ A: **连不上**（SSH 失败）
本进程源码指纹 1ba0d919b7（与盘上文件不符即说明**跑的是旧代码**，需重启）
==========================================================================
第 164 次采样  2026-10-04 18:43:27
--- A 机（base100@0, strat100@1）---
    ★★★ **连不上**（SSH 失败）
    · 本机采样失败 ⇒ 沿用上一轮 runs 作基准（40 个 run），以免下一轮跳过停滞比较
--------------------------------------------------------------------------
本轮发现 1 个问题：
  ★ A: **连不上**（SSH 失败）
本进程源码指纹 1ba0d919b7（与盘上文件不符即说明**跑的是旧代码**，需重启）
==========================================================================
第 165 次采样  2026-10-04 18:54:41
--- A 机（base100@0, strat100@1）---
    ★★★ **连不上**（SSH 失败）
    · 本机采样失败 ⇒ 沿用上一轮 runs 作基准（40 个 run），以免下一轮跳过停滞比较
--------------------------------------------------------------------------
本轮发现 1 个问题：
  ★ A: **连不上**（SSH 失败）
本进程源码指纹 1ba0d919b7（与盘上文件不符即说明**跑的是旧代码**，需重启）
==========================================================================
第 166 次采样  2026-10-04 19:06:17
--- A 机（base100@0, strat100@1）---
    ★★★ **连不上**（SSH 失败）
    · 本机采样失败 ⇒ 沿用上一轮 runs 作基准（40 个 run），以免下一轮跳过停滞比较
--------------------------------------------------------------------------
本轮发现 1 个问题：
  ★ A: **连不上**（SSH 失败）
本进程源码指纹 1ba0d919b7（与盘上文件不符即说明**跑的是旧代码**，需重启）
==========================================================================
第 167 次采样  2026-10-04 19:17:37
--- A 机（base100@0, strat100@1）---
    ★★★ **连不上**（SSH 失败）
    · 本机采样失败 ⇒ 沿用上一轮 runs 作基准（40 个 run），以免下一轮跳过停滞比较
--------------------------------------------------------------------------
本轮发现 1 个问题：
  ★ A: **连不上**（SSH 失败）
本进程源码指纹 1ba0d919b7（与盘上文件不符即说明**跑的是旧代码**，需重启）
==========================================================================
第 168 次采样  2026-10-04 19:28:54
--- A 机（base100@0, strat100@1）---
    ★★★ **连不上**（SSH 失败）
    · 本机采样失败 ⇒ 沿用上一轮 runs 作基准（40 个 run），以免下一轮跳过停滞比较
--------------------------------------------------------------------------
本轮发现 1 个问题：
  ★ A: **连不上**（SSH 失败）
本进程源码指纹 1ba0d919b7（与盘上文件不符即说明**跑的是旧代码**，需重启）
==========================================================================
第 169 次采样  2026-10-04 19:40:07
--- A 机（base100@0, strat100@1）---
    ★★★ **连不上**（SSH 失败）
    · 本机采样失败 ⇒ 沿用上一轮 runs 作基准（40 个 run），以免下一轮跳过停滞比较
--------------------------------------------------------------------------
本轮发现 1 个问题：
  ★ A: **连不上**（SSH 失败）
本进程源码指纹 1ba0d919b7（与盘上文件不符即说明**跑的是旧代码**，需重启）
==========================================================================
第 170 次采样  2026-10-04 19:51:30
--- A 机（base100@0, strat100@1）---
    ★★★ **连不上**（SSH 失败）
    · 本机采样失败 ⇒ 沿用上一轮 runs 作基准（40 个 run），以免下一轮跳过停滞比较
--------------------------------------------------------------------------
本轮发现 1 个问题：
  ★ A: **连不上**（SSH 失败）
本进程源码指纹 1ba0d919b7（与盘上文件不符即说明**跑的是旧代码**，需重启）
==========================================================================
第 171 次采样  2026-10-04 20:02:58
--- A 机（base100@0, strat100@1）---
    ★★★ **连不上**（SSH 失败）
    · 本机采样失败 ⇒ 沿用上一轮 runs 作基准（40 个 run），以免下一轮跳过停滞比较
--------------------------------------------------------------------------
本轮发现 1 个问题：
  ★ A: **连不上**（SSH 失败）
本进程源码指纹 1ba0d919b7（与盘上文件不符即说明**跑的是旧代码**，需重启）
==========================================================================
第 172 次采样  2026-10-04 20:14:18
--- A 机（base100@0, strat100@1）---
    ★★★ **连不上**（SSH 失败）
    · 本机采样失败 ⇒ 沿用上一轮 runs 作基准（40 个 run），以免下一轮跳过停滞比较
--------------------------------------------------------------------------
本轮发现 1 个问题：
  ★ A: **连不上**（SSH 失败）
本进程源码指纹 1ba0d919b7（与盘上文件不符即说明**跑的是旧代码**，需重启）
==========================================================================
第 173 次采样  2026-10-04 20:25:36
--- A 机（base100@0, strat100@1）---
    ★★★ **连不上**（SSH 失败）
    · 本机采样失败 ⇒ 沿用上一轮 runs 作基准（40 个 run），以免下一轮跳过停滞比较
--------------------------------------------------------------------------
本轮发现 1 个问题：
  ★ A: **连不上**（SSH 失败）
本进程源码指纹 1ba0d919b7（与盘上文件不符即说明**跑的是旧代码**，需重启）
==========================================================================
第 174 次采样  2026-10-04 20:36:54
--- A 机（base100@0, strat100@1）---
    ★★★ **连不上**（SSH 失败）
    · 本机采样失败 ⇒ 沿用上一轮 runs 作基准（40 个 run），以免下一轮跳过停滞比较
--------------------------------------------------------------------------
本轮发现 1 个问题：
  ★ A: **连不上**（SSH 失败）
本进程源码指纹 1ba0d919b7（与盘上文件不符即说明**跑的是旧代码**，需重启）
==========================================================================
第 175 次采样  2026-10-04 20:48:12
--- A 机（base100@0, strat100@1）---
    ★★★ **连不上**（SSH 失败）
    · 本机采样失败 ⇒ 沿用上一轮 runs 作基准（40 个 run），以免下一轮跳过停滞比较
--------------------------------------------------------------------------
本轮发现 1 个问题：
  ★ A: **连不上**（SSH 失败）
本进程源码指纹 1ba0d919b7（与盘上文件不符即说明**跑的是旧代码**，需重启）
==========================================================================
第 176 次采样  2026-10-04 20:59:23
--- A 机（base100@0, strat100@1）---
    ★★★ **连不上**（SSH 失败）
    · 本机采样失败 ⇒ 沿用上一轮 runs 作基准（40 个 run），以免下一轮跳过停滞比较
--------------------------------------------------------------------------
本轮发现 1 个问题：
  ★ A: **连不上**（SSH 失败）
本进程源码指纹 1ba0d919b7（与盘上文件不符即说明**跑的是旧代码**，需重启）
==========================================================================
第 177 次采样  2026-10-04 21:10:42
--- A 机（base100@0, strat100@1）---
    ★★★ **连不上**（SSH 失败）
    · 本机采样失败 ⇒ 沿用上一轮 runs 作基准（40 个 run），以免下一轮跳过停滞比较
--------------------------------------------------------------------------
本轮发现 1 个问题：
  ★ A: **连不上**（SSH 失败）
本进程源码指纹 1ba0d919b7（与盘上文件不符即说明**跑的是旧代码**，需重启）
==========================================================================
第 178 次采样  2026-10-04 21:22:09
--- A 机（base100@0, strat100@1）---
    ★★★ **连不上**（SSH 失败）
    · 本机采样失败 ⇒ 沿用上一轮 runs 作基准（40 个 run），以免下一轮跳过停滞比较
--------------------------------------------------------------------------
本轮发现 1 个问题：
  ★ A: **连不上**（SSH 失败）
本进程源码指纹 1ba0d919b7（与盘上文件不符即说明**跑的是旧代码**，需重启）
==========================================================================
第 179 次采样  2026-10-04 21:33:21
--- A 机（base100@0, strat100@1）---
    ★★★ **连不上**（SSH 失败）
    · 本机采样失败 ⇒ 沿用上一轮 runs 作基准（40 个 run），以免下一轮跳过停滞比较
--------------------------------------------------------------------------
本轮发现 1 个问题：
  ★ A: **连不上**（SSH 失败）
本进程源码指纹 1ba0d919b7（与盘上文件不符即说明**跑的是旧代码**，需重启）
==========================================================================
第 180 次采样  2026-10-04 21:44:34
--- A 机（base100@0, strat100@1）---
    ★★★ **连不上**（SSH 失败）
    · 本机采样失败 ⇒ 沿用上一轮 runs 作基准（40 个 run），以免下一轮跳过停滞比较
--------------------------------------------------------------------------
本轮发现 1 个问题：
  ★ A: **连不上**（SSH 失败）
本进程源码指纹 1ba0d919b7（与盘上文件不符即说明**跑的是旧代码**，需重启）
==========================================================================
第 181 次采样  2026-10-04 21:55:45
--- A 机（base100@0, strat100@1）---
    ★★★ **连不上**（SSH 失败）
    · 本机采样失败 ⇒ 沿用上一轮 runs 作基准（40 个 run），以免下一轮跳过停滞比较
--------------------------------------------------------------------------
本轮发现 1 个问题：
  ★ A: **连不上**（SSH 失败）
本进程源码指纹 1ba0d919b7（与盘上文件不符即说明**跑的是旧代码**，需重启）
==========================================================================
第 182 次采样  2026-10-04 22:06:57
--- A 机（base100@0, strat100@1）---
    ★★★ **连不上**（SSH 失败）
    · 本机采样失败 ⇒ 沿用上一轮 runs 作基准（40 个 run），以免下一轮跳过停滞比较
--------------------------------------------------------------------------
本轮发现 1 个问题：
  ★ A: **连不上**（SSH 失败）
本进程源码指纹 1ba0d919b7（与盘上文件不符即说明**跑的是旧代码**，需重启）
==========================================================================
第 183 次采样  2026-10-04 22:18:09
--- A 机（base100@0, strat100@1）---
    ★★★ **连不上**（SSH 失败）
    · 本机采样失败 ⇒ 沿用上一轮 runs 作基准（40 个 run），以免下一轮跳过停滞比较
--------------------------------------------------------------------------
本轮发现 1 个问题：
  ★ A: **连不上**（SSH 失败）
本进程源码指纹 1ba0d919b7（与盘上文件不符即说明**跑的是旧代码**，需重启）
==========================================================================
第 184 次采样  2026-10-04 22:29:33
--- A 机（base100@0, strat100@1）---
    ★★★ **连不上**（SSH 失败）
    · 本机采样失败 ⇒ 沿用上一轮 runs 作基准（40 个 run），以免下一轮跳过停滞比较
--------------------------------------------------------------------------
本轮发现 1 个问题：
  ★ A: **连不上**（SSH 失败）
本进程源码指纹 1ba0d919b7（与盘上文件不符即说明**跑的是旧代码**，需重启）
==========================================================================
第 185 次采样  2026-10-04 22:40:51
--- A 机（base100@0, strat100@1）---
    ★★★ **连不上**（SSH 失败）
    · 本机采样失败 ⇒ 沿用上一轮 runs 作基准（40 个 run），以免下一轮跳过停滞比较
--------------------------------------------------------------------------
本轮发现 1 个问题：
  ★ A: **连不上**（SSH 失败）
本进程源码指纹 1ba0d919b7（与盘上文件不符即说明**跑的是旧代码**，需重启）
==========================================================================
第 186 次采样  2026-10-04 22:52:05
--- A 机（base100@0, strat100@1）---
    ★★★ **连不上**（SSH 失败）
    · 本机采样失败 ⇒ 沿用上一轮 runs 作基准（40 个 run），以免下一轮跳过停滞比较
--------------------------------------------------------------------------
本轮发现 1 个问题：
  ★ A: **连不上**（SSH 失败）
本进程源码指纹 1ba0d919b7（与盘上文件不符即说明**跑的是旧代码**，需重启）
==========================================================================
第 187 次采样  2026-10-04 23:03:16
--- A 机（base100@0, strat100@1）---
    ★★★ **连不上**（SSH 失败）
    · 本机采样失败 ⇒ 沿用上一轮 runs 作基准（40 个 run），以免下一轮跳过停滞比较
--------------------------------------------------------------------------
本轮发现 1 个问题：
  ★ A: **连不上**（SSH 失败）
本进程源码指纹 1ba0d919b7（与盘上文件不符即说明**跑的是旧代码**，需重启）
==========================================================================
第 188 次采样  2026-10-04 23:14:27
--- A 机（base100@0, strat100@1）---
    ★★★ **连不上**（SSH 失败）
    · 本机采样失败 ⇒ 沿用上一轮 runs 作基准（40 个 run），以免下一轮跳过停滞比较
--------------------------------------------------------------------------
本轮发现 1 个问题：
  ★ A: **连不上**（SSH 失败）
本进程源码指纹 1ba0d919b7（与盘上文件不符即说明**跑的是旧代码**，需重启）
==========================================================================
第 189 次采样  2026-10-04 23:25:38
--- A 机（base100@0, strat100@1）---
    ★★★ **连不上**（SSH 失败）
    · 本机采样失败 ⇒ 沿用上一轮 runs 作基准（40 个 run），以免下一轮跳过停滞比较
--------------------------------------------------------------------------
本轮发现 1 个问题：
  ★ A: **连不上**（SSH 失败）
本进程源码指纹 1ba0d919b7（与盘上文件不符即说明**跑的是旧代码**，需重启）
==========================================================================
第 190 次采样  2026-10-04 23:36:48
--- A 机（base100@0, strat100@1）---
    ★★★ **连不上**（SSH 失败）
    · 本机采样失败 ⇒ 沿用上一轮 runs 作基准（40 个 run），以免下一轮跳过停滞比较
--------------------------------------------------------------------------
本轮发现 1 个问题：
  ★ A: **连不上**（SSH 失败）
